// Jest Snapshot v1, https://goo.gl/fbAQLP

exports[`<Keyboard> should match snapshot 1`] = `
<div
  className="layout keyboard"
>
  <span
    className="base size1"
  >
    A
  </span>
</div>
`;
